src/app/assistant/page.tsx(34,210): error TS18048: 'data.sensors.dht22' is possibly 'undefined'.
src/app/sensors/motion/page.tsx(68,34): error TS2339: Property 'pir' does not exist on type '{ ultrasonic: { distance_cm: number; valid: boolean; }; dht22?: { temperature: number; humidity: number; } | undefined; dht11: { temp: number; humidity: number; }; mq3: { value: number; }; mq2: { value: number; raw_value?: number | undefined; }; ... 10 more ...; joystick: { ...; }; }'.
src/app/sensors/sound/page.tsx(80,62): error TS2339: Property 'sound' does not exist on type '{ ultrasonic: { distance_cm: number; valid: boolean; }; dht22?: { temperature: number; humidity: number; } | undefined; dht11: { temp: number; humidity: number; }; mq3: { value: number; }; mq2: { value: number; raw_value?: number | undefined; }; ... 10 more ...; joystick: { ...; }; }'.
src/components/charts/LiveChart.tsx(76,25): error TS2322: Type '(value: number, name: string) => [string, "Raw" | "Processed"]' is not assignable to type 'Formatter<number, string>'.
  Types of parameters 'value' and 'value' are incompatible.
    Type 'number | undefined' is not assignable to type 'number'.
      Type 'undefined' is not assignable to type 'number'.
src/components/layout/Header.tsx(6,10): error TS2305: Module '"@/types/sensorData"' has no exported member 'SystemInfo'.
src/components/SensorCard.tsx(2,10): error TS2724: '"lucide-react"' has no exported member named 'LucidIcon'. Did you mean 'LucideIcon'?
